    ldd -> /data/yja/openfhe-hexl-install/lib/libOPENFHEcore.so.1
    ldd -> /data/yja/he-bench/third_party/SEAL/install_hexl/lib/libseal.so.4.3
    ldd -> /data/yja/openfhe-install/lib/libOPENFHEcore.so.1
    ldd -> /data/yja/he-bench/third_party/SEAL/install/lib/libseal.so.4.3
[02:53:11] ldd 확인 통과 — HEXL 2개 / baseline 2개
[02:53:11] [1t HEXL]
[02:53:11]   of_hexl8_1t
[openfhe] threads=1t omp_get_max_threads()=1
[openfhe exp7] Δ=42 dnum=3 PCount=4 logP=240 logQP=804 여유=77
  L=12 done
  L=11 done
  L=10 done
  L=9 done
  L=8 done
  L=7 done
  L=6 done
  L=5 done
  L=4 done
  L=3 done
  L=2 done
  L=1 done
wrote results_v3n15d42L12_hexl8_timing_1t_dku16c.csv + results_v3n15d42L12_hexl8_precision_1t_dku16c.csv
[02:54:40]     pre 82.69..82.71 post 83.05..83.05
[02:54:40]   se_hexl8_1t
[seal] threads=1t (SEAL 내부 병렬화 없음 → 실사용 1)
[seal exp7] Δ=42 dnum=13 logP=60 logQP=624 여유=257
  L=12 done
  L=11 done
  L=10 done
  L=9 done
  L=8 done
  L=7 done
  L=6 done
  L=5 done
  L=4 done
  L=3 done
  L=2 done
  L=1 done
wrote results_v3n15d42L12_hexl8_timing_1t_seal_dku16c.csv
[02:55:51]     pre 82.51..82.58 post 82.68..82.70
[02:55:51] [mt HEXL · OpenFHE 타이밍 5런]
[02:55:51]   of_hexl8_mt_r1
[openfhe] threads=mt omp_get_max_threads()=16
[openfhe exp7] Δ=42 dnum=3 PCount=4 logP=240 logQP=804 여유=77
  L=12 done
  L=11 done
  L=10 done
  L=9 done
  L=8 done
  L=7 done
  L=6 done
  L=5 done
  L=4 done
  L=3 done
  L=2 done
  L=1 done
wrote results_v3n15d42L12_hexl8_timing_mt_run1_dku16c.csv + /dev/null
[02:56:43]     pre 82.65..82.62 post 83.21..82.56
[02:56:43]   of_hexl8_mt_r2
[openfhe] threads=mt omp_get_max_threads()=16
[openfhe exp7] Δ=42 dnum=3 PCount=4 logP=240 logQP=804 여유=77
  L=12 done
  L=11 done
  L=10 done
  L=9 done
  L=8 done
  L=7 done
  L=6 done
  L=5 done
  L=4 done
  L=3 done
  L=2 done
  L=1 done
wrote results_v3n15d42L12_hexl8_timing_mt_run2_dku16c.csv + /dev/null
[02:57:35]     pre 82.64..82.69 post 138.94..138.03
[02:57:35]   of_hexl8_mt_r3
[openfhe] threads=mt omp_get_max_threads()=16
[openfhe exp7] Δ=42 dnum=3 PCount=4 logP=240 logQP=804 여유=77
  L=12 done
  L=11 done
  L=10 done
  L=9 done
  L=8 done
  L=7 done
  L=6 done
  L=5 done
  L=4 done
  L=3 done
  L=2 done
  L=1 done
wrote results_v3n15d42L12_hexl8_timing_mt_run3_dku16c.csv + /dev/null
[02:58:26]     pre 82.54..82.49 post 139.07..137.95
[02:58:26]   of_hexl8_mt_r4
[openfhe] threads=mt omp_get_max_threads()=16
[openfhe exp7] Δ=42 dnum=3 PCount=4 logP=240 logQP=804 여유=77
  L=12 done
  L=11 done
  L=10 done
  L=9 done
  L=8 done
  L=7 done
  L=6 done
  L=5 done
  L=4 done
  L=3 done
  L=2 done
  L=1 done
wrote results_v3n15d42L12_hexl8_timing_mt_run4_dku16c.csv + /dev/null
[02:59:18]     pre 82.66..82.62 post 85.02..85.56
[02:59:18]   of_hexl8_mt_r5
[openfhe] threads=mt omp_get_max_threads()=16
[openfhe exp7] Δ=42 dnum=3 PCount=4 logP=240 logQP=804 여유=77
  L=12 done
  L=11 done
  L=10 done
  L=9 done
  L=8 done
  L=7 done
  L=6 done
  L=5 done
  L=4 done
  L=3 done
  L=2 done
  L=1 done
wrote results_v3n15d42L12_hexl8_timing_mt_run5_dku16c.csv + /dev/null
[03:00:10]     pre 82.61..82.59 post 84.19..82.79
[03:00:10] [mt HEXL · SEAL 타이밍 3런]
[03:00:10]   se_hexl8_mt_r1
[seal] threads=mt (SEAL 내부 병렬화 없음 → 실사용 1)
[seal exp7] Δ=42 dnum=13 logP=60 logQP=624 여유=257
  L=12 done
  L=11 done
  L=10 done
  L=9 done
  L=8 done
  L=7 done
  L=6 done
  L=5 done
  L=4 done
  L=3 done
  L=2 done
  L=1 done
wrote results_v3n15d42L12_hexl8_timing_mt_seal_run1_dku16c.csv
[03:01:08]     pre 82.65..82.81 post 82.64..82.64
[03:01:08]   se_hexl8_mt_r2
[seal] threads=mt (SEAL 내부 병렬화 없음 → 실사용 1)
[seal exp7] Δ=42 dnum=13 logP=60 logQP=624 여유=257
  L=12 done
  L=11 done
  L=10 done
  L=9 done
  L=8 done
  L=7 done
  L=6 done
  L=5 done
  L=4 done
  L=3 done
  L=2 done
  L=1 done
wrote results_v3n15d42L12_hexl8_timing_mt_seal_run2_dku16c.csv
[03:02:06]     pre 82.63..82.66 post 82.61..82.60
[03:02:06]   se_hexl8_mt_r3
[seal] threads=mt (SEAL 내부 병렬화 없음 → 실사용 1)
[seal exp7] Δ=42 dnum=13 logP=60 logQP=624 여유=257
  L=12 done
  L=11 done
  L=10 done
  L=9 done
  L=8 done
  L=7 done
  L=6 done
  L=5 done
  L=4 done
  L=3 done
  L=2 done
  L=1 done
wrote results_v3n15d42L12_hexl8_timing_mt_seal_run3_dku16c.csv
[03:03:04]     pre 82.66..82.58 post 82.65..82.60
[03:03:04] [mt HEXL · 정밀도]
[openfhe] threads=mt omp_get_max_threads()=16
[openfhe exp7] Δ=42 dnum=3 PCount=4 logP=240 logQP=804 여유=77
  L=12 done
  L=11 done
  L=10 done
  L=9 done
  L=8 done
  L=7 done
  L=6 done
  L=5 done
  L=4 done
  L=3 done
  L=2 done
  L=1 done
wrote /dev/null + results_v3n15d42L12_hexl8_precision_mt_dku16c.csv
[seal] threads=mt (SEAL 내부 병렬화 없음 → 실사용 1)
[seal exp7] Δ=42 dnum=13 logP=60 logQP=624 여유=257
  L=12 done
  L=11 done
  L=10 done
  L=9 done
  L=8 done
  L=7 done
  L=6 done
  L=5 done
  L=4 done
  L=3 done
  L=2 done
  L=1 done
wrote /dev/null
[03:04:01] [mt baseline · OpenFHE 타이밍 5런]
[03:04:01]   of_off8_mt_r1
[openfhe] threads=mt omp_get_max_threads()=16
[openfhe exp7] Δ=42 dnum=3 PCount=4 logP=240 logQP=804 여유=77
  L=12 done
  L=11 done
  L=10 done
  L=9 done
  L=8 done
  L=7 done
  L=6 done
  L=5 done
  L=4 done
  L=3 done
  L=2 done
  L=1 done
wrote results_v3n15d42L12_off8_timing_mt_run1_dku16c.csv + /dev/null
[03:05:01]     pre 82.74..82.54 post 84.41..82.58
[03:05:01]   of_off8_mt_r2
[openfhe] threads=mt omp_get_max_threads()=16
[openfhe exp7] Δ=42 dnum=3 PCount=4 logP=240 logQP=804 여유=77
  L=12 done
  L=11 done
  L=10 done
  L=9 done
  L=8 done
  L=7 done
  L=6 done
  L=5 done
  L=4 done
  L=3 done
  L=2 done
  L=1 done
wrote results_v3n15d42L12_off8_timing_mt_run2_dku16c.csv + /dev/null
[03:06:02]     pre 82.77..82.74 post 83.38..82.64
[03:06:02]   of_off8_mt_r3
[openfhe] threads=mt omp_get_max_threads()=16
[openfhe exp7] Δ=42 dnum=3 PCount=4 logP=240 logQP=804 여유=77
  L=12 done
  L=11 done
  L=10 done
  L=9 done
  L=8 done
  L=7 done
  L=6 done
  L=5 done
  L=4 done
  L=3 done
  L=2 done
  L=1 done
wrote results_v3n15d42L12_off8_timing_mt_run3_dku16c.csv + /dev/null
[03:07:03]     pre 82.43..82.69 post 138.82..138.08
[03:07:03]   of_off8_mt_r4
[openfhe] threads=mt omp_get_max_threads()=16
[openfhe exp7] Δ=42 dnum=3 PCount=4 logP=240 logQP=804 여유=77
  L=12 done
  L=11 done
  L=10 done
  L=9 done
  L=8 done
  L=7 done
  L=6 done
  L=5 done
  L=4 done
  L=3 done
  L=2 done
  L=1 done
wrote results_v3n15d42L12_off8_timing_mt_run4_dku16c.csv + /dev/null
[03:08:06]     pre 82.65..82.58 post 138.79..138.12
[03:08:06]   of_off8_mt_r5
[openfhe] threads=mt omp_get_max_threads()=16
[openfhe exp7] Δ=42 dnum=3 PCount=4 logP=240 logQP=804 여유=77
  L=12 done
  L=11 done
  L=10 done
  L=9 done
  L=8 done
  L=7 done
  L=6 done
  L=5 done
  L=4 done
  L=3 done
  L=2 done
  L=1 done
wrote results_v3n15d42L12_off8_timing_mt_run5_dku16c.csv + /dev/null
[03:09:08]     pre 82.50..83.29 post 83.67..82.69
[03:09:08] [mt baseline · SEAL 타이밍 3런]
[03:09:08]   se_off8_mt_r1
[seal] threads=mt (SEAL 내부 병렬화 없음 → 실사용 1)
[seal exp7] Δ=42 dnum=13 logP=60 logQP=624 여유=257
  L=12 done
  L=11 done
  L=10 done
  L=9 done
  L=8 done
  L=7 done
  L=6 done
  L=5 done
  L=4 done
  L=3 done
  L=2 done
  L=1 done
wrote results_v3n15d42L12_off8_timing_mt_seal_run1_dku16c.csv
[03:10:36]     pre 82.63..82.59 post 82.73..82.66
[03:10:36]   se_off8_mt_r2
[seal] threads=mt (SEAL 내부 병렬화 없음 → 실사용 1)
[seal exp7] Δ=42 dnum=13 logP=60 logQP=624 여유=257
  L=12 done
  L=11 done
  L=10 done
  L=9 done
  L=8 done
  L=7 done
  L=6 done
  L=5 done
  L=4 done
  L=3 done
  L=2 done
  L=1 done
wrote results_v3n15d42L12_off8_timing_mt_seal_run2_dku16c.csv
[03:12:04]     pre 82.64..83.01 post 82.76..82.62
[03:12:04]   se_off8_mt_r3
[seal] threads=mt (SEAL 내부 병렬화 없음 → 실사용 1)
[seal exp7] Δ=42 dnum=13 logP=60 logQP=624 여유=257
  L=12 done
  L=11 done
  L=10 done
  L=9 done
  L=8 done
  L=7 done
  L=6 done
  L=5 done
  L=4 done
  L=3 done
  L=2 done
  L=1 done
wrote results_v3n15d42L12_off8_timing_mt_seal_run3_dku16c.csv
[03:13:32]     pre 82.63..82.65 post 82.70..83.15
[03:13:32] 완료
