[boot16-authorbench] levelBudget={3,3}  iters=1  numDigits=15
[boot16] GetBootstrapDepth({3,3}, UNIFORM_TERNARY) = 20
[boot16] multiplicativeDepth = 9 + 20 = 29
[boot16] scaling = FLEXIBLEAUTO  numSlots = 32768
[boot16] firstMod = 60  scaleMod = 54  (deg = firstMod - scaleMod = 6, 자동 correctionFactor: FIXEDMANUAL 7 / FLEXIBLEAUTO 8 @ logN16·32768슬롯 — deg가 이 값을 넘으면 EvalBootstrap이 throw)

[boot16] === OpenFHE chain dump : towers(Q)=30 ===
  idx   msb     log2(q)                     q
    0    60    60.00000   1152921504606584833
    1    55    54.00000     18014398568988673
    2    55    54.00000     18014398525603841
    3    55    54.00000     18014398555881473
    4    55    54.00000     18014398545788929
    5    55    54.00000     18014398551949313
    6    55    54.00000     18014398546051073
    7    55    54.00000     18014398549983233
    8    55    54.00000     18014398539890689
    9    55    54.00000     18014398547623937
   10    55    54.00000     18014398527963137
   11    55    54.00000     18014398544084993
   12    54    54.00000     18014398495457281
   13    55    54.00000     18014398539497473
   14    55    54.00000     18014398526914561
   15    55    54.00000     18014398528356353
   16    55    54.00000     18014398515511297
   17    55    54.00000     18014398539104257
   18    55    54.00000     18014398529667073
   19    55    54.00000     18014398534254593
   20    54    54.00000     18014398496243713
   21    55    54.00000     18014398524424193
   22    54    54.00000     18014398505943041
   23    55    54.00000     18014398521016321
   24    55    54.00000     18014398514200577
   25    55    54.00000     18014398516559873
   26    55    54.00000     18014398512365569
   27    55    54.00000     18014398514987009
   28    54    54.00000     18014398506729473
   29    55    54.00000     18014398510661633
  --- special primes (P) : count=2 ---
    0    60    60.00000   1152921504598720513
    1    60    60.00000   1152921504597016577
  --- summary ---
  ksTech=HYBRID  dnum(numPartQ)=15  towersPerPart=2  auxBits=60
  log2 Q=1626.00  log2 P=120.00  log2 QP=1746.00   <- 보안 지표
  limbs  Q=30  P=2  QP=32   <- 작업량 지표 (NTT 호출 횟수가 limb 수에 비례)
  multiplicativeDepth=29

[boot16] EvalBootstrapSetup = 7.30 s
